// Jest Snapshot v1, https://goo.gl/fbAQLP

exports[`matches snapshot 1`] = `
<ul
  className="rocketList container d-flex flex-column gap-4"
/>
`;
